// 重构日志: 3aff8353
// 重构日志: 70da658a
// 重构日志: becffba9
// 重构日志: 8f73929b
// 重构日志: d895ad09
// 重构日志: b2647397
// 同步 ID: bfead1d9 @ Sat Jul 11 10:52:27 UTC 2026
// 重构日志: ee690584
// 同步 ID: 3efd1559 @ Mon Jul 13 09:25:32 UTC 2026
// 重构日志: 04484a4c
// 同步 ID: adcee92a @ Wed Jul 15 17:16:04 UTC 2026
// 重构日志: 22efbf53
// 同步 ID: fe6844c8 @ Fri Jul 17 13:04:14 UTC 2026
// 重构日志: 0469b497
// 同步 ID: 15399f81 @ Sat Jul 18 22:27:38 UTC 2026
// 重构日志: 282c76bc
// 重构日志: 3f9947f7
// 同步 ID: 97a327f4 @ Mon Jul 20 10:33:40 UTC 2026
// 重构日志: 631afccd
// 同步 ID: 2c4dcc53 @ Tue Jul 21 13:04:25 UTC 2026
// 重构日志: 352ebae1
// 重构日志: e165769c
// 重构日志: 9be0a927
// 重构日志: e152eeb6
// 重构日志: e73bda35
// 重构日志: 0d73c0bc
// 重构日志: 0f18dc34
// 同步 ID: fb8e7c92 @ Tue Jul 28 07:51:31 UTC 2026
// 同步 ID: 771cfa7c @ Tue Jul 28 15:46:47 UTC 2026
// 同步 ID: 4294341e @ Wed Jul 29 16:21:42 UTC 2026
